ASxxxx Linker V03.00 + NoICE + sdld,  page 1.
Hexadecimal  [32-Bits]

Area                                    Addr        Size        Decimal Bytes (Attributes)
--------------------------------        ----        ----        ------- ----- ------------
IABS3                               00000000    00000001 =           1. bytes (ABS,CON)

      Value  Global                              Global Defined In Module
      -----  --------------------------------   ------------------------
     00000000  l_BIT_BANK                      
     00000000  l_CABS                          
     00000000  l_CONST                         
     00000000  l_GSINIT0                       
     00000000  l_GSINIT1                       
     00000000  l_GSINIT2                       
     00000000  l_GSINIT3                       
     00000000  l_GSINIT4                       
     00000000  l_GSINIT5                       
     00000000  l_IABS                          
     00000000  l_ISEG                          
     00000000  l_OSEG                          
     00000000  l_PSEG                          
     00000000  l_REG_BANK_1                    
     00000000  l_REG_BANK_2                    
     00000000  l_REG_BANK_3                    
     00000000  l_RSEG                          
     00000000  l_RSEG0                         
     00000000  l_RSEG1                         
     00000000  l_XABS                          
     00000000  l_XINIT                         
     00000000  l_XISEG                         
     00000000  l_XSEG                          
     00000000  l__CODE                         
     00000000  s_BSEG                          
     00000000  s_CABS                          
     00000000  s_DSEG                          
     00000000  s_HOME                          
     00000000  s_IABS                          
     00000000  s_IABS2                         
     00000000  s_IABS3                         
     00000000  s_ISEG                          
     00000000  s_REG_BANK_0                    
     00000000  s_RSEG                          
     00000000  s_RSEG0                         
     00000000  s_RSEG1                         
     00000000  s_XABS                          
     00000001  l_BSEG                          
     00000001  l_BSEG_BYTES                    
     00000001  l_IABS2                         
     00000001  l_IABS3                         
     00000001  s_PSEG                          
     00000001  s_XISEG                         
     00000001  s_XSEG                          
     00000003  l_GSFINAL                       
     00000008  l_GSINIT                        
     00000008  l_REG_BANK_0                    
     00000008  s_REG_BANK_1                    
     00000010  s_REG_BANK_2                    
     00000011  l_HOME                          
ASxxxx Linker V03.00 + NoICE + sdld,  page 2.
Hexadecimal  [32-Bits]

Area                                    Addr        Size        Decimal Bytes (Attributes)
--------------------------------        ----        ----        ------- ----- ------------
IABS3                               00000000    00000001 =           1. bytes (ABS,CON)

      Value  Global                              Global Defined In Module
      -----  --------------------------------   ------------------------
     00000011  s_GSINIT                        
     00000011  s_GSINIT0                       
     00000011  s_GSINIT1                       
     00000011  s_GSINIT2                       
     00000011  s_GSINIT3                       
     00000011  s_GSINIT4                       
     00000011  s_GSINIT5                       
     00000018  s_BIT_BANK                      
     00000018  s_OSEG                          
     00000018  s_REG_BANK_3                    
     00000019  s_GSFINAL                       
     0000001C  s_CSEG                          
     00000020  s_BSEG_BYTES                    
     00000020  s__CODE                         
     0000003B  s_SSEG                          
     00000050  l_DSEG                          
     000000C5  l_SSEG                          
     00000100  l_IRAM                          
     00000172  l_CSEG                          
     0000018E  s_CONST                         
     0000018E  s_XINIT                         

ASxxxx Linker V03.00 + NoICE + sdld,  page 3.
Hexadecimal  [32-Bits]

Area                                    Addr        Size        Decimal Bytes (Attributes)
--------------------------------        ----        ----        ------- ----- ------------
IABS2                               00000000    00000001 =           1. bytes (ABS,CON)

      Value  Global                              Global Defined In Module
      -----  --------------------------------   ------------------------
ASxxxx Linker V03.00 + NoICE + sdld,  page 4.
Hexadecimal  [32-Bits]

Area                                    Addr        Size        Decimal Bytes (Attributes)
--------------------------------        ----        ----        ------- ----- ------------
.  .ABS.                            00000000    00000000 =           0. bytes (ABS,CON)

      Value  Global                              Global Defined In Module
      -----  --------------------------------   ------------------------
     00000000  .__.ABS.                           preemptive
     00000080  _P0                                preemptive
     00000080  _P0_0                              preemptive
     00000081  _P0_1                              preemptive
     00000081  _SP                                preemptive
     00000082  _DPL                               preemptive
     00000082  _P0_2                              preemptive
     00000083  _DPH                               preemptive
     00000083  _P0_3                              preemptive
     00000084  _P0_4                              preemptive
     00000085  _P0_5                              preemptive
     00000086  _P0_6                              preemptive
     00000087  _P0_7                              preemptive
     00000087  _PCON                              preemptive
     00000088  _IT0                               preemptive
     00000088  _TCON                              preemptive
     00000089  _IE0                               preemptive
     00000089  _TMOD                              preemptive
     0000008A  _IT1                               preemptive
     0000008A  _TL0                               preemptive
     0000008B  _IE1                               preemptive
     0000008B  _TL1                               preemptive
     0000008C  _TH0                               preemptive
     0000008C  _TR0                               preemptive
     0000008D  _TF0                               preemptive
     0000008D  _TH1                               preemptive
     0000008E  _TR1                               preemptive
     0000008F  _TF1                               preemptive
     00000090  _P1                                preemptive
     00000090  _P1_0                              preemptive
     00000091  _P1_1                              preemptive
     00000092  _P1_2                              preemptive
     00000093  _P1_3                              preemptive
     00000094  _P1_4                              preemptive
     00000095  _P1_5                              preemptive
     00000096  _P1_6                              preemptive
     00000097  _P1_7                              preemptive
     00000098  _RI                                preemptive
     00000098  _SCON                              preemptive
     00000099  _SBUF                              preemptive
     00000099  _TI                                preemptive
     0000009A  _RB8                               preemptive
     0000009B  _TB8                               preemptive
     0000009C  _REN                               preemptive
     0000009D  _SM2                               preemptive
     0000009E  _SM1                               preemptive
     0000009F  _SM0                               preemptive
     000000A0  _P2                                preemptive
     000000A0  _P2_0                              preemptive
     000000A1  _P2_1                              preemptive
ASxxxx Linker V03.00 + NoICE + sdld,  page 5.
Hexadecimal  [32-Bits]

Area                                    Addr        Size        Decimal Bytes (Attributes)
--------------------------------        ----        ----        ------- ----- ------------
.  .ABS.                            00000000    00000000 =           0. bytes (ABS,CON)

      Value  Global                              Global Defined In Module
      -----  --------------------------------   ------------------------
     000000A2  _P2_2                              preemptive
     000000A3  _P2_3                              preemptive
     000000A4  _P2_4                              preemptive
     000000A5  _P2_5                              preemptive
     000000A6  _P2_6                              preemptive
     000000A7  _P2_7                              preemptive
     000000A8  _EX0                               preemptive
     000000A8  _IE                                preemptive
     000000A9  _ET0                               preemptive
     000000AA  _EX1                               preemptive
     000000AB  _ET1                               preemptive
     000000AC  _ES                                preemptive
     000000AF  _EA                                preemptive
     000000B0  _P3                                preemptive
     000000B0  _P3_0                              preemptive
     000000B0  _RXD                               preemptive
     000000B1  _P3_1                              preemptive
     000000B1  _TXD                               preemptive
     000000B2  _INT0                              preemptive
     000000B2  _P3_2                              preemptive
     000000B3  _INT1                              preemptive
     000000B3  _P3_3                              preemptive
     000000B4  _P3_4                              preemptive
     000000B4  _T0                                preemptive
     000000B5  _P3_5                              preemptive
     000000B5  _T1                                preemptive
     000000B6  _P3_6                              preemptive
     000000B6  _WR                                preemptive
     000000B7  _P3_7                              preemptive
     000000B7  _RD                                preemptive
     000000B8  _IP                                preemptive
     000000B8  _PX0                               preemptive
     000000B9  _PT0                               preemptive
     000000BA  _PX1                               preemptive
     000000BB  _PT1                               preemptive
     000000BC  _PS                                preemptive
     000000D0  _P                                 preemptive
     000000D0  _PSW                               preemptive
     000000D1  _F1                                preemptive
     000000D2  _OV                                preemptive
     000000D3  _RS0                               preemptive
     000000D4  _RS1                               preemptive
     000000D5  _F0                                preemptive
     000000D6  _AC                                preemptive
     000000D7  _CY                                preemptive
     000000E0  _ACC                               preemptive
     000000F0  _B                                 preemptive

ASxxxx Linker V03.00 + NoICE + sdld,  page 6.
Hexadecimal  [32-Bits]

Area                                    Addr        Size        Decimal Bytes (Attributes)
--------------------------------        ----        ----        ------- ----- ------------
BSEG_BYTES                          00000020    00000001 =           1. bytes (REL,CON)

      Value  Global                              Global Defined In Module
      -----  --------------------------------   ------------------------
ASxxxx Linker V03.00 + NoICE + sdld,  page 7.
Hexadecimal  [32-Bits]

Area                                    Addr        Size        Decimal Bytes (Attributes)
--------------------------------        ----        ----        ------- ----- ------------
REG_BANK_0                          00000000    00000008 =           8. bytes (REL,OVR)

      Value  Global                              Global Defined In Module
      -----  --------------------------------   ------------------------
ASxxxx Linker V03.00 + NoICE + sdld,  page 8.
Hexadecimal  [32-Bits]

Area                                    Addr        Size        Decimal Bytes (Attributes)
--------------------------------        ----        ----        ------- ----- ------------
DSEG                                00000000    00000050 =          80. bytes (REL,CON)

      Value  Global                              Global Defined In Module
      -----  --------------------------------   ------------------------
ASxxxx Linker V03.00 + NoICE + sdld,  page 9.
Hexadecimal  [32-Bits]

Area                                    Addr        Size        Decimal Bytes (Attributes)
--------------------------------        ----        ----        ------- ----- ------------
SSEG                                0000003B    000000C5 =         197. bytes (REL,OVR)

      Value  Global                              Global Defined In Module
      -----  --------------------------------   ------------------------
     0000003B  __start__stack                     testpreempt

ASxxxx Linker V03.00 + NoICE + sdld,  page 10.
Hexadecimal  [32-Bits]

Area                                    Addr        Size        Decimal Bytes (Attributes)
--------------------------------        ----        ----        ------- ----- ------------
HOME                                00000000    00000011 =          17. bytes (REL,CON,CODE)

      Value  Global                              Global Defined In Module
      -----  --------------------------------   ------------------------
C:   0000000E  __sdcc_program_startup             testpreempt

ASxxxx Linker V03.00 + NoICE + sdld,  page 11.
Hexadecimal  [32-Bits]

Area                                    Addr        Size        Decimal Bytes (Attributes)
--------------------------------        ----        ----        ------- ----- ------------
GSINIT                              00000011    00000008 =           8. bytes (REL,CON,CODE)

      Value  Global                              Global Defined In Module
      -----  --------------------------------   ------------------------
ASxxxx Linker V03.00 + NoICE + sdld,  page 12.
Hexadecimal  [32-Bits]

Area                                    Addr        Size        Decimal Bytes (Attributes)
--------------------------------        ----        ----        ------- ----- ------------
GSFINAL                             00000019    00000003 =           3. bytes (REL,CON,CODE)

      Value  Global                              Global Defined In Module
      -----  --------------------------------   ------------------------
ASxxxx Linker V03.00 + NoICE + sdld,  page 13.
Hexadecimal  [32-Bits]

Area                                    Addr        Size        Decimal Bytes (Attributes)
--------------------------------        ----        ----        ------- ----- ------------
CSEG                                0000001C    00000172 =         370. bytes (REL,CON,CODE)

      Value  Global                              Global Defined In Module
      -----  --------------------------------   ------------------------
C:   0000001C  _producer                          testpreempt
C:   0000003B  _consumer                          testpreempt
C:   00000059  _main                              testpreempt
C:   00000062  __sdcc_gsinit_startup              testpreempt
C:   00000066  __mcs51_genRAMCLEAR                testpreempt
C:   00000067  __mcs51_genXINIT                   testpreempt
C:   00000068  __mcs51_genXRAMCLEAR               testpreempt
C:   00000069  _timer0_ISR                        testpreempt
C:   0000006D  _Bootstrap                         preemptive
C:   00000093  _ThreadCreate                      preemptive
C:   000000EB  _myTimer0Handler                   preemptive
C:   0000013F  _ThreadYield                       preemptive
ASxxxx Linker V03.00 + NoICE + sdld,  page 14.

Files Linked                              [ module(s) ]

testpreempt.rel                           [  ]
preemptive.rel                            [  ]

ASxxxx Linker V03.00 + NoICE + sdld,  page 15.

User Base Address Definitions

HOME = 0x0000
XSEG = 0x0001
PSEG = 0x0001
ISEG = 0x0000
BSEG = 0x0000

